// Vitest Snapshot v1

exports[`dom test > testing-library/jest-dom 1`] = `
<div
  id="adm-mask"
/>
`;
